
> dic-blood-bank@0.1.0 build
> next build

   Γû▓ Next.js 16.0.10 (Turbopack)
   - Environments: .env
   - Experiments (use with caution):
     ┬╖ serverActions

 ΓÜá The "middleware" file convention is deprecated. Please use "proxy" instead. Learn more: https://nextjs.org/docs/messages/middleware-to-proxy
   Creating an optimized production build ...
 Γ£ô Compiled successfully in 13.9s
   Running TypeScript ...
Failed to compile.

./src/features/donors/components/RequestForm.tsx:55:18
Type error: No overload matches this call.
  Overload 1 of 2, '(values: [string, ...string[]], params?: string | { error?: string | $ZodErrorMap<$ZodIssueInvalidValue<unknown>> | undefined; message?: string | undefined; } | undefined): ZodEnum<...>', gave the following error.
    Object literal may only specify known properties, and 'required_error' does not exist in type '{ error?: string | $ZodErrorMap<$ZodIssueInvalidValue<unknown>> | undefined; message?: string | undefined; }'.
  Overload 2 of 2, '(entries: Readonly<Record<string, EnumValue>>, params?: string | { error?: string | $ZodErrorMap<$ZodIssueInvalidValue<unknown>> | undefined; message?: string | undefined; } | undefined): ZodEnum<...>', gave the following error.
    Argument of type '[string, ...string[]]' is not assignable to parameter of type 'Readonly<Record<string, EnumValue>>'.
      Index signature for type 'string' is missing in type '[string, ...string[]]'.

  53 | const bloodRequestSchema = z.object({
  54 |     patientName: z.string().min(2, 'Patient name required / αª░αºüαªùαºÇαª░ αª¿αª╛αª« αª¬αºìαª░αºƒαºïαª£αª¿'),
> 55 |     bloodType: z.enum(BLOOD_TYPES as unknown as [string, ...string[]], {
     |                  ^
  56 |         required_error: 'Select Blood Group / αª░αªòαºìαªñαºçαª░ αªùαºìαª░αºüαª¬ αª¿αª┐αª░αºìαª¼αª╛αªÜαª¿ αªòαª░αºüαª¿',
  57 |         invalid_type_error: 'Select Blood Group / αª░αªòαºìαªñαºçαª░ αªùαºìαª░αºüαª¬ αª¿αª┐αª░αºìαª¼αª╛αªÜαª¿ αªòαª░αºüαª¿'
  58 |     }),
Next.js build worker exited with code: 1 and signal: null
